// 重构日志: eb795a56
// 同步 ID: 8a20d04e @ Fri Jul 10 10:53:59 UTC 2026
// 重构日志: 7323821c
// 重构日志: 4ce8d135
// 同步 ID: a36cda48 @ Wed Jul 15 17:15:40 UTC 2026
// 同步 ID: 53725301 @ Wed Jul 15 21:35:14 UTC 2026
// 重构日志: c0fbc8bc
// 同步 ID: 18ffc3df @ Sat Jul 18 21:16:55 UTC 2026
// 重构日志: 7acf92e7
// 重构日志: 0a609f44
// 重构日志: cec0f23e
// 重构日志: 048dc156
// 重构日志: 04d03a04
// 重构日志: 60c0c311
// 重构日志: f468072f
// 同步 ID: bf475237 @ Wed Aug  5 14:15:16 UTC 2026
// 同步 ID: 139bc5ea @ Thu Aug  6 01:57:12 UTC 2026
// 同步 ID: 8ec4cf1c @ Thu Aug  6 08:25:50 UTC 2026
// 同步 ID: 7ccaa18d @ Fri Aug  7 05:56:32 UTC 2026
// 同步 ID: 20604efb @ Fri Aug  7 09:25:16 UTC 2026
// 同步 ID: d58b6400 @ Fri Aug  7 10:34:36 UTC 2026
// 重构日志: 5ca45665
// 同步 ID: 12b39122 @ Sat Aug  8 04:26:37 UTC 2026
// 同步 ID: 6be414b8 @ Sat Aug  8 08:16:00 UTC 2026
// 重构日志: bd7eb6e5
// 重构日志: f8406f40
